[karinasirqueira.com/index.html]
[karinasirqueira.com/apple-touch-icon.png]
[karinasirqueira.com/favicon-32x32.png]
[karinasirqueira.com/favicon-16x16.png]
[backblue.gif]
[fade.gif]
[index.html]
[karinasirqueira.com/site.webmanifest]
[images.prismic.io/karina-sirqueira/58ff0832-15aa-41d6-b5e7-f0901a3fb253_Open+Graph71fb.jpg]
[karinasirqueira.com/assets/main.2570b4e7.js]
[karinasirqueira.com/assets/main.e7ce3c29.css]
[karinasirqueira.com/manifest.webmanifest]
[karinasirqueira.com/medias/267ddf0e-103e-4319-9ee8-fff0c103613a_clover.svg]
[karinasirqueira.com/medias/94bdb059-d0ce-4e5c-bec2-1b063a161385_mailchimp.svg]
[karinasirqueira.com/medias/1622bf5d-6c44-4d4f-8a25-5646dd02d8ca_aldo.svg]
[karinasirqueira.com/projects/clover/index.html]
[karinasirqueira.com/medias/ee7cbb86-e495-487b-9a9d-aa4d7af1cdc2_gainbridge.svg]
[karinasirqueira.com/index.html]
[karinasirqueira.com/medias/64c29c4a-1916-4c50-8a86-0cf236add72d_vista.svg]
[karinasirqueira.com/projects/mta/index.html]
[karinasirqueira.com/projects/mailchimp/index.html]
[karinasirqueira.com/assets/mfred.fe7e7efe.woff2]
[karinasirqueira.com/assets/mfred.76b12196.woff]
[karinasirqueira.com/assets/helvetica-neue.cd7c92d0.woff2]
[karinasirqueira.com/projects/aldo/index.html]
[karinasirqueira.com/projects/wwc/index.html]
[karinasirqueira.com/projects/gainbridge/index.html]
[karinasirqueira.com/about/index.html]
[karinasirqueira.com/projects/vista/index.html]
[karinasirqueira.com/assets/helvetica-neue.fb13112e.woff]
[karinasirqueira.com/assets/main.e7ce3c29.css]
[karinasirqueira.com/medias/0a28ec24-1ccc-40f5-8b47-a00412062df2_shop-01.png]
[karinasirqueira.com/medias/e2c58d98-4eac-4178-84fa-35e44280ef30_03.jpg]
[karinasirqueira.com/medias/f644b1e1-446d-4553-98d5-79ab5d82b792_04.jpg]
[karinasirqueira.com/medias/14e72eb6-df6e-4bbb-bf63-948e80330a84_05.jpg]
[karinasirqueira.com/projects/clover/index.html]
[karinasirqueira.com/medias/267ddf0e-103e-4319-9ee8-fff0c103613a_clover.svg]
[karinasirqueira.com/medias/05d18d1e-0618-4896-ab95-fff0fd04e4d4_01-1.png]
[karinasirqueira.com/medias/d1be40de-a036-4037-9f82-9bb8437b7d87_04.jpg]
[karinasirqueira.com/medias/311193de-ac3e-43ef-8f0b-aa2e263b33f8_05.jpg]
[karinasirqueira.com/projects/mailchimp/index.html]
[karinasirqueira.com/medias/fe98bb14-0636-4a78-b70b-4adec2f3ceeb_06.jpg]
[karinasirqueira.com/medias/94bdb059-d0ce-4e5c-bec2-1b063a161385_mailchimp.svg]
[karinasirqueira.com/medias/0757ab81-cc3d-419d-a651-0720af54bf42_01.jpg]
[karinasirqueira.com/projects/mta/index.html]
[karinasirqueira.com/medias/27e5867a-50a9-4324-8d19-4a767aa33f6c_05.jpg]
[karinasirqueira.com/medias/b6844187-24a1-4f5d-8de5-baacb48237f9_mta.svg]
[karinasirqueira.com/medias/43176119-24f1-445f-9b39-be2402f07c29_01.jpg]
[karinasirqueira.com/medias/f9bc8c24-3b95-4ba6-a236-0d6aaf629ba8_06.jpg]
[karinasirqueira.com/medias/6b7e026f-a16c-4d4a-b4f4-6aeca0dab1e1_08.jpg]
[karinasirqueira.com/projects/aldo/index.html]
[karinasirqueira.com/medias/1622bf5d-6c44-4d4f-8a25-5646dd02d8ca_aldo.svg]
[karinasirqueira.com/medias/b930d799-21b6-446b-a58c-8f53b1eb46a7_01.jpg]
[karinasirqueira.com/medias/d7c8854b-cdfc-4230-80a9-97d97393328a_02.jpg]
[karinasirqueira.com/medias/e7bb9330-bd92-41f9-856b-d4aac6cf642d_03.jpg]
[karinasirqueira.com/medias/8ee6c7fc-47b1-4912-a501-0c110e0b2d08_04.jpg]
[karinasirqueira.com/medias/c006ca21-6693-4567-8ae8-7f5a957793b3_05.jpg]
[karinasirqueira.com/medias/816c41cb-7b47-4bd1-b624-0e7bd6b1808c_06.jpg]
[karinasirqueira.com/medias/16d232f7-47fe-4bb2-9eb8-57205d332bbd_07.jpg]
[karinasirqueira.com/medias/465aa1c7-9ac9-4fb6-a96f-e0925e42d2d4_08.jpg]
[karinasirqueira.com/projects/wwc/index.html]
[karinasirqueira.com/medias/d828fa72-c8be-4084-bda0-0caf4bd4ff7f_wwc.svg]
[karinasirqueira.com/medias/4cbb9296-8be0-4e80-a6af-9641530a9ec0_01.jpg]
[karinasirqueira.com/medias/28e8be0b-b85b-49d4-ac3e-311207d41162_03.jpg]
[karinasirqueira.com/medias/a661337d-9edb-4075-ad00-b2b7bd32d196_04.jpg]
[karinasirqueira.com/medias/14707e91-c086-430e-a982-47497b028f26_05.jpg]
[karinasirqueira.com/medias/112bd996-ffde-4586-8fcc-afb6c5e2a93e_06.jpg]
[karinasirqueira.com/medias/9915cd98-b040-4fa4-8ea6-540ab6bd75dc_08.jpg]
[karinasirqueira.com/medias/bba95ea9-434c-4b6d-974b-ead0e0fb2aba_09.jpg]
[karinasirqueira.com/medias/2736ce27-bc36-4270-b3e4-fb854c7eab7b_10.jpg]
[karinasirqueira.com/projects/gainbridge/index.html]
[karinasirqueira.com/medias/ee7cbb86-e495-487b-9a9d-aa4d7af1cdc2_gainbridge.svg]
[karinasirqueira.com/medias/71435a35-68f6-4e03-bca6-fa059f8200e7_01.jpg]
[karinasirqueira.com/medias/4805dd9a-a156-42e3-ad08-308c697daa19_02.jpg]
[karinasirqueira.com/medias/add90ff7-bc13-4d73-a701-e95057cab0b6_03.jpg]
[karinasirqueira.com/medias/24b579ae-f5ba-421d-a1b2-0d684613d5c2_04.jpg]
[karinasirqueira.com/medias/0e0e4c25-4109-45c3-a9f2-82c67d07fafb_05.jpg]
[karinasirqueira.com/medias/5173042e-39bb-479a-8e80-bf90f450572e_09.jpg]
[karinasirqueira.com/medias/c1877f24-7dc1-4f4d-9ecf-90e197a8cc7c_10.jpg]
[karinasirqueira.com/medias/e34af033-04c6-4709-bcf8-d9eaca2e77bb_11.jpg]
[karinasirqueira.com/projects/vista/index.html]
[karinasirqueira.com/medias/64c29c4a-1916-4c50-8a86-0cf236add72d_vista.svg]
[karinasirqueira.com/about/index.html]
